******************************************************************************
                  TI ARM Linker PC v20.2.5                     
******************************************************************************
>> Linked Fri May  5 20:52:20 2023

OUTPUT FILE NAME:   <practica4.out>
ENTRY POINT SYMBOL: "_c_int00_noargs"  address: 00002a9d


MEMORY CONFIGURATION

         name            origin    length      used     unused   attr    fill
----------------------  --------  ---------  --------  --------  ----  --------
  MAIN                  00000000   00040000  000039f0  0003c610  R  X
  INFO                  00200000   00004000  00000000  00004000  R  X
  SRAM_CODE             01000000   00010000  00000617  0000f9e9  RW X
  SRAM_DATA             20000000   00010000  00000617  0000f9e9  RW  


SEGMENT ALLOCATION MAP

run origin  load origin   length   init length attrs members
----------  ----------- ---------- ----------- ----- -------
00000000    00000000    000039f0   000039f0    r-x
  00000000    00000000    000000e4   000000e4    r-- .intvecs
  000000e4    000000e4    00002a1c   00002a1c    r-x .text
  00002b00    00002b00    00000eb0   00000eb0    r-- .const
  000039b0    000039b0    00000040   00000040    r-- .cinit
20000000    20000000    00000418   00000000    rw-
  20000000    20000000    00000403   00000000    rw- .bss
  20000404    20000404    00000014   00000000    rw- .data
2000fe00    2000fe00    00000200   00000000    rw-
  2000fe00    2000fe00    00000200   00000000    rw- .stack


SECTION ALLOCATION MAP

 output                                  attributes/
section   page    origin      length       input sections
--------  ----  ----------  ----------   ----------------
.intvecs   0    00000000    000000e4     
                  00000000    000000e4     startup_msp432p401r_ccs.obj (.intvecs:retain)

.text      0    000000e4    00002a1c     
                  000000e4    0000104c     lib_PAE.lib : graphics.obj (.text)
                  00001130    000008a8                 : lcd.obj (.text)
                  000019d8    00000414     RxTx.obj (.text)
                  00001dec    000003f4     moviments.obj (.text)
                  000021e0    00000334     system_msp432p401r.obj (.text)
                  00002514    00000188     lib_PAE.lib : msp_LCD.obj (.text)
                  0000269c    00000124     interrupcions.obj (.text)
                  000027c0    0000009c     rtsv7M4_T_le_v4SPD16_eabi.lib : memcpy_t2.asm.obj (.text)
                  0000285c    0000007a                                   : memset_t2.asm.obj (.text)
                  000028d6    00000002     --HOLE-- [fill = 0]
                  000028d8    00000078     lib_PAE.lib : Inicializacion.obj (.text)
                  00002950    00000068     rtsv7M4_T_le_v4SPD16_eabi.lib : copy_decompress_lzss.c.obj (.text:decompress:lzss:__TI_decompress_lzss)
                  000029b8    00000064     timer.obj (.text)
                  00002a1c    00000044     rtsv7M4_T_le_v4SPD16_eabi.lib : autoinit.c.obj (.text:__TI_auto_init_nobinit_nopinit:__TI_auto_init_nobinit_nopinit)
                  00002a60    0000003c     main.obj (.text)
                  00002a9c    00000034     rtsv7M4_T_le_v4SPD16_eabi.lib : boot_cortex_m.c.obj (.text:_c_int00_noargs:_c_int00_noargs)
                  00002ad0    0000000e                                   : copy_decompress_none.c.obj (.text:decompress:none:__TI_decompress_none)
                  00002ade    0000000e     startup_msp432p401r_ccs.obj (.text)
                  00002aec    0000000c     rtsv7M4_T_le_v4SPD16_eabi.lib : copy_zero_init.c.obj (.text:decompress:ZI:__TI_zero_init)
                  00002af8    00000004                                   : pre_init.c.obj (.text:_system_pre_init)
                  00002afc    00000004                                   : exit.c.obj (.text:abort:abort)

.const     0    00002b00    00000eb0     
                  00002b00    0000082a     lib_PAE.lib : graphics.obj (.const:font_11x16)
                  0000332a    00000474                 : graphics.obj (.const:font_8x12)
                  0000379e    000001e0                 : graphics.obj (.const:font_5x7)
                  0000397e    00000012     RxTx.obj (.const:.string:$P$T0$1)
                  00003990    00000010     lib_PAE.lib : lcd.obj (.const:.string:$P$T0$1)
                  000039a0    00000010                 : lcd.obj (.const:.string:$P$T1$2)

.cinit     0    000039b0    00000040     
                  000039b0    00000017     (.cinit..data.load) [load image, compression = lzss]
                  000039c7    00000001     --HOLE-- [fill = 0]
                  000039c8    0000000c     (__TI_handler_table)
                  000039d4    00000004     --HOLE-- [fill = 0]
                  000039d8    00000008     (.cinit..bss.load) [load image, compression = zero_init]
                  000039e0    00000010     (__TI_cinit_table)

.init_array 
*          0    00000000    00000000     UNINITIALIZED

.binit     0    00000000    00000000     

.bss       0    20000000    00000403     UNINITIALIZED
                  20000000    00000400     lib_PAE.lib : graphics.obj (.bss:g_pulConvertedPalette)
                  20000400    00000001     (.common:Byte_Recibido)
                  20000401    00000001     (.common:DatoLeido_UART)
                  20000402    00000001     (.common:counter)

.data      0    20000404    00000014     UNINITIALIZED
                  20000404    0000000a     lib_PAE.lib : lcd.obj (.data)
                  2000040e    00000004                 : graphics.obj (.data)
                  20000412    00000002     --HOLE--
                  20000414    00000004     system_msp432p401r.obj (.data)

.stack     0    2000fe00    00000200     UNINITIALIZED
                  2000fe00    00000004     rtsv7M4_T_le_v4SPD16_eabi.lib : boot_cortex_m.c.obj (.stack)
                  2000fe04    000001fc     --HOLE--

__llvm_prf_cnts 
*          0    20000000    00000000     UNINITIALIZED

MODULE SUMMARY

       Module                        code    ro data   rw data
       ------                        ----    -------   -------
    .\
       RxTx.obj                      1044    18        6      
       moviments.obj                 1012    0         0      
       system_msp432p401r.obj        820     0         8      
       interrupcions.obj             292     0         0      
       startup_msp432p401r_ccs.obj   14      228       0      
       timer.obj                     100     0         0      
       main.obj                      60      0         0      
    +--+-----------------------------+-------+---------+---------+
       Total:                        3342    246       14     
                                                              
    ../lib_PAE.lib
       graphics.obj                  4172    3710      2056   
       lcd.obj                       2216    32        20     
       msp_LCD.obj                   392     0         0      
       Inicializacion.obj            120     0         0      
    +--+-----------------------------+-------+---------+---------+
       Total:                        6900    3742      2076   
                                                              
    C:\Users\david\PAE\ccs\tools\compiler\ti-cgt-arm_20.2.5.LTS\lib\rtsv7M4_T_le_v4SPD16_eabi.lib
       memcpy_t2.asm.obj             156     0         0      
       memset_t2.asm.obj             122     0         0      
       copy_decompress_lzss.c.obj    104     0         0      
       autoinit.c.obj                68      0         0      
       boot_cortex_m.c.obj           52      0         0      
       copy_decompress_none.c.obj    14      0         0      
       copy_zero_init.c.obj          12      0         0      
       exit.c.obj                    4       0         0      
       pre_init.c.obj                4       0         0      
    +--+-----------------------------+-------+---------+---------+
       Total:                        536     0         0      
                                                              
       Stack:                        0       0         1024   
       Linker Generated:             0       59        0      
    +--+-----------------------------+-------+---------+---------+
       Grand Total:                  10778   4047      3114   


LINKER GENERATED COPY TABLES

__TI_cinit_table @ 000039e0 records: 2, size/record: 8, table size: 16
	.data: load addr=000039b0, load size=00000017 bytes, run addr=20000404, run size=00000014 bytes, compression=lzss
	.bss: load addr=000039d8, load size=00000008 bytes, run addr=20000000, run size=00000403 bytes, compression=zero_init


LINKER GENERATED HANDLER TABLE

__TI_handler_table @ 000039c8 records: 3, size/record: 4, table size: 12
	index: 0, handler: __TI_decompress_lzss
	index: 1, handler: __TI_decompress_none
	index: 2, handler: __TI_zero_init


GLOBAL SYMBOLS: SORTED ALPHABETICALLY BY Name 

address   name                          
-------   ----                          
00002aeb  ADC14_IRQHandler              
00002aeb  AES256_IRQHandler             
00002aeb  BusFault_Handler              
20000400  Byte_Recibido                 
00002afd  C$$EXIT                       
00002aeb  COMP_E0_IRQHandler            
00002aeb  COMP_E1_IRQHandler            
00002aeb  CS_IRQHandler                 
20000406  Color_Fondo                   
2000040a  Color_Fondo_Inv               
20000408  Color_Texto                   
2000040c  Color_Texto_Inv               
00002aeb  DMA_ERR_IRQHandler            
00002aeb  DMA_INT0_IRQHandler           
00002aeb  DMA_INT1_IRQHandler           
00002aeb  DMA_INT2_IRQHandler           
00002aeb  DMA_INT3_IRQHandler           
20000401  DatoLeido_UART                
00002aeb  DebugMon_Handler              
00002aeb  Default_Handler               
00002735  EUSCIA0_IRQHandler            
00002735  EUSCIA0_IRQHandler            
00002aeb  EUSCIA1_IRQHandler            
00002763  EUSCIA2_IRQHandler            
00002763  EUSCIA2_IRQHandler            
00002aeb  EUSCIA3_IRQHandler            
00002aeb  EUSCIB0_IRQHandler            
00002aeb  EUSCIB1_IRQHandler            
00002aeb  EUSCIB2_IRQHandler            
00002aeb  EUSCIB3_IRQHandler            
00002aeb  FLCTL_IRQHandler              
00002aeb  FPU_IRQHandler                
20000405  Fuente                        
00002aeb  HardFault_Handler             
00002aeb  MemManage_Handler             
00002aeb  NMI_Handler                   
00002aeb  PCM_IRQHandler                
00002aeb  PORT1_IRQHandler              
00002aeb  PORT2_IRQHandler              
00002aeb  PORT3_IRQHandler              
00002aeb  PORT4_IRQHandler              
00002aeb  PORT5_IRQHandler              
00002aeb  PORT6_IRQHandler              
00002aeb  PSS_IRQHandler                
00002aeb  PendSV_Handler                
00002aeb  RTC_C_IRQHandler              
00002adf  Reset_Handler                 
000029d5  Reset_Timeout                 
00001bfd  RxPacket                      
00002aeb  SVC_Handler                   
00001d9d  Sentit_Dades_Rx               
00001db5  Sentit_Dades_Tx               
00002aeb  SysTick_Handler               
20000414  SystemCoreClock               
000021e1  SystemCoreClockUpdate         
00002459  SystemInit                    
00002aeb  T32_INT1_IRQHandler           
00002aeb  T32_INT2_IRQHandler           
00002aeb  T32_INTC_IRQHandler           
00002aeb  TA0_0_IRQHandler              
00002aeb  TA0_N_IRQHandler              
000029f7  TA1_0_IRQHandler              
000029f7  TA1_0_IRQHandler              
00002aeb  TA1_N_IRQHandler              
00002aeb  TA2_0_IRQHandler              
00002aeb  TA2_N_IRQHandler              
00002aeb  TA3_0_IRQHandler              
00002aeb  TA3_N_IRQHandler              
000029dd  TimeOut                       
00001ad3  TxPacket                      
00001d79  TxUACx                        
00002aeb  UsageFault_Handler            
4000480c  WDTCTL_SYM                    
00002aeb  WDT_A_IRQHandler              
20010000  __STACK_END                   
00000200  __STACK_SIZE                  
000039e0  __TI_CINIT_Base               
000039f0  __TI_CINIT_Limit              
000039c8  __TI_Handler_Table_Base       
000039d4  __TI_Handler_Table_Limit      
00002a1d  __TI_auto_init_nobinit_nopinit
00002951  __TI_decompress_lzss          
00002ad1  __TI_decompress_none          
ffffffff  __TI_pprof_out_hndl           
ffffffff  __TI_prof_data_size           
ffffffff  __TI_prof_data_start          
00000000  __TI_static_base__            
00002aed  __TI_zero_init                
0000285d  __aeabi_memclr                
0000285d  __aeabi_memclr4               
0000285d  __aeabi_memclr8               
000027c1  __aeabi_memcpy                
000027c1  __aeabi_memcpy4               
000027c1  __aeabi_memcpy8               
0000285f  __aeabi_memset                
0000285f  __aeabi_memset4               
0000285f  __aeabi_memset8               
ffffffff  __binit__                     
ffffffff  __c_args__                    
UNDEFED   __mpu_init                    
2000fe00  __stack                       
20000000  __start___llvm_prf_cnts       
20000000  __stop___llvm_prf_cnts        
00002a9d  _c_int00_noargs               
20000404  _orientation                  
UNDEFED   _system_post_cinit            
00002af9  _system_pre_init              
00002afd  abort                         
20000411  bgColorHighByte               
20000410  bgColorLowByte                
ffffffff  binit                         
00001561  cambiar_orientacion           
00000121  clearScreen                   
000001af  clearScreenBkg                
2000040f  colorHighByte                 
2000040e  colorLowByte                  
20000402  counter                       
00002639  delay                         
00000521  drawCharLg                    
000005c9  drawCharLgBkg                 
000006ad  drawCharMd                    
0000075b  drawCharMdBkg                 
000003a1  drawCharSm                    
00000447  drawCharSmBkg                 
00000d9b  drawCircle                    
000008bd  drawImage                     
000008d5  drawImageLut                  
000009e3  drawImageMono                 
00000b41  drawLine                      
00000a01  drawLogicLine                 
00000237  drawPixel                     
00000d37  drawRect                      
00000267  drawString                    
00001e65  endavant                      
00001f15  enrere                        
00000fb9  fillCircle                    
00000f1b  fillRect                      
00002b00  font_11x16                    
0000379e  font_5x7                      
0000332a  font_8x12                     
000011db  getAltura                     
00001189  getColumna                    
00001137  getLinea                      
00001131  getOrientacion                
00001237  getScreenHeight               
00001221  getScreenWidth                
00002081  gir_dreta                     
00001fc5  gir_esquerra                  
000016f1  halLcdClearLine               
0000158f  halLcdClearScreen             
000015b3  halLcdClearScreenBkg          
00001865  halLcdDrawCircle              
0000196d  halLcdDrawImageLut            
000017b9  halLcdDrawLine                
00001767  halLcdDrawPixel               
0000180d  halLcdDrawRect                
00001911  halLcdFillCircle              
000018b5  halLcdFillRect                
00001583  halLcdInit                    
000015d3  halLcdPrintLine               
00001653  halLcdPrintLineCol            
000013ad  initLCD                       
00001a5b  init_UART                     
000019d9  init_UART_emulador            
000026ef  init_interr_emulador          
0000269d  init_interr_robot             
0000272d  init_interrupciones           
00002515  init_spi_lcd_tactil           
000029b9  init_timers                   
000028d9  init_ucs_16MHz                
00002911  init_ucs_24MHz                
00000000  interruptVectors              
0000213d  left_led                      
00002a61  main                          
000027c1  memcpy                        
00002865  memset                        
0000218d  right_led                     
0000124d  setArea                       
00000103  setBackgroundColor            
000000e5  setColor                      
000014f3  setOrientation                
00001ded  set_up_velocity               
00002613  writeCommand                  
000025ed  writeData                     


GLOBAL SYMBOLS: SORTED BY Symbol Address 

address   name                          
-------   ----                          
00000000  __TI_static_base__            
00000000  interruptVectors              
000000e5  setColor                      
00000103  setBackgroundColor            
00000121  clearScreen                   
000001af  clearScreenBkg                
00000200  __STACK_SIZE                  
00000237  drawPixel                     
00000267  drawString                    
000003a1  drawCharSm                    
00000447  drawCharSmBkg                 
00000521  drawCharLg                    
000005c9  drawCharLgBkg                 
000006ad  drawCharMd                    
0000075b  drawCharMdBkg                 
000008bd  drawImage                     
000008d5  drawImageLut                  
000009e3  drawImageMono                 
00000a01  drawLogicLine                 
00000b41  drawLine                      
00000d37  drawRect                      
00000d9b  drawCircle                    
00000f1b  fillRect                      
00000fb9  fillCircle                    
00001131  getOrientacion                
00001137  getLinea                      
00001189  getColumna                    
000011db  getAltura                     
00001221  getScreenWidth                
00001237  getScreenHeight               
0000124d  setArea                       
000013ad  initLCD                       
000014f3  setOrientation                
00001561  cambiar_orientacion           
00001583  halLcdInit                    
0000158f  halLcdClearScreen             
000015b3  halLcdClearScreenBkg          
000015d3  halLcdPrintLine               
00001653  halLcdPrintLineCol            
000016f1  halLcdClearLine               
00001767  halLcdDrawPixel               
000017b9  halLcdDrawLine                
0000180d  halLcdDrawRect                
00001865  halLcdDrawCircle              
000018b5  halLcdFillRect                
00001911  halLcdFillCircle              
0000196d  halLcdDrawImageLut            
000019d9  init_UART_emulador            
00001a5b  init_UART                     
00001ad3  TxPacket                      
00001bfd  RxPacket                      
00001d79  TxUACx                        
00001d9d  Sentit_Dades_Rx               
00001db5  Sentit_Dades_Tx               
00001ded  set_up_velocity               
00001e65  endavant                      
00001f15  enrere                        
00001fc5  gir_esquerra                  
00002081  gir_dreta                     
0000213d  left_led                      
0000218d  right_led                     
000021e1  SystemCoreClockUpdate         
00002459  SystemInit                    
00002515  init_spi_lcd_tactil           
000025ed  writeData                     
00002613  writeCommand                  
00002639  delay                         
0000269d  init_interr_robot             
000026ef  init_interr_emulador          
0000272d  init_interrupciones           
00002735  EUSCIA0_IRQHandler            
00002735  EUSCIA0_IRQHandler            
00002763  EUSCIA2_IRQHandler            
00002763  EUSCIA2_IRQHandler            
000027c1  __aeabi_memcpy                
000027c1  __aeabi_memcpy4               
000027c1  __aeabi_memcpy8               
000027c1  memcpy                        
0000285d  __aeabi_memclr                
0000285d  __aeabi_memclr4               
0000285d  __aeabi_memclr8               
0000285f  __aeabi_memset                
0000285f  __aeabi_memset4               
0000285f  __aeabi_memset8               
00002865  memset                        
000028d9  init_ucs_16MHz                
00002911  init_ucs_24MHz                
00002951  __TI_decompress_lzss          
000029b9  init_timers                   
000029d5  Reset_Timeout                 
000029dd  TimeOut                       
000029f7  TA1_0_IRQHandler              
000029f7  TA1_0_IRQHandler              
00002a1d  __TI_auto_init_nobinit_nopinit
00002a61  main                          
00002a9d  _c_int00_noargs               
00002ad1  __TI_decompress_none          
00002adf  Reset_Handler                 
00002aeb  ADC14_IRQHandler              
00002aeb  AES256_IRQHandler             
00002aeb  BusFault_Handler              
00002aeb  COMP_E0_IRQHandler            
00002aeb  COMP_E1_IRQHandler            
00002aeb  CS_IRQHandler                 
00002aeb  DMA_ERR_IRQHandler            
00002aeb  DMA_INT0_IRQHandler           
00002aeb  DMA_INT1_IRQHandler           
00002aeb  DMA_INT2_IRQHandler           
00002aeb  DMA_INT3_IRQHandler           
00002aeb  DebugMon_Handler              
00002aeb  Default_Handler               
00002aeb  EUSCIA1_IRQHandler            
00002aeb  EUSCIA3_IRQHandler            
00002aeb  EUSCIB0_IRQHandler            
00002aeb  EUSCIB1_IRQHandler            
00002aeb  EUSCIB2_IRQHandler            
00002aeb  EUSCIB3_IRQHandler            
00002aeb  FLCTL_IRQHandler              
00002aeb  FPU_IRQHandler                
00002aeb  HardFault_Handler             
00002aeb  MemManage_Handler             
00002aeb  NMI_Handler                   
00002aeb  PCM_IRQHandler                
00002aeb  PORT1_IRQHandler              
00002aeb  PORT2_IRQHandler              
00002aeb  PORT3_IRQHandler              
00002aeb  PORT4_IRQHandler              
00002aeb  PORT5_IRQHandler              
00002aeb  PORT6_IRQHandler              
00002aeb  PSS_IRQHandler                
00002aeb  PendSV_Handler                
00002aeb  RTC_C_IRQHandler              
00002aeb  SVC_Handler                   
00002aeb  SysTick_Handler               
00002aeb  T32_INT1_IRQHandler           
00002aeb  T32_INT2_IRQHandler           
00002aeb  T32_INTC_IRQHandler           
00002aeb  TA0_0_IRQHandler              
00002aeb  TA0_N_IRQHandler              
00002aeb  TA1_N_IRQHandler              
00002aeb  TA2_0_IRQHandler              
00002aeb  TA2_N_IRQHandler              
00002aeb  TA3_0_IRQHandler              
00002aeb  TA3_N_IRQHandler              
00002aeb  UsageFault_Handler            
00002aeb  WDT_A_IRQHandler              
00002aed  __TI_zero_init                
00002af9  _system_pre_init              
00002afd  C$$EXIT                       
00002afd  abort                         
00002b00  font_11x16                    
0000332a  font_8x12                     
0000379e  font_5x7                      
000039c8  __TI_Handler_Table_Base       
000039d4  __TI_Handler_Table_Limit      
000039e0  __TI_CINIT_Base               
000039f0  __TI_CINIT_Limit              
20000000  __start___llvm_prf_cnts       
20000000  __stop___llvm_prf_cnts        
20000400  Byte_Recibido                 
20000401  DatoLeido_UART                
20000402  counter                       
20000404  _orientation                  
20000405  Fuente                        
20000406  Color_Fondo                   
20000408  Color_Texto                   
2000040a  Color_Fondo_Inv               
2000040c  Color_Texto_Inv               
2000040e  colorLowByte                  
2000040f  colorHighByte                 
20000410  bgColorLowByte                
20000411  bgColorHighByte               
20000414  SystemCoreClock               
2000fe00  __stack                       
20010000  __STACK_END                   
4000480c  WDTCTL_SYM                    
ffffffff  __TI_pprof_out_hndl           
ffffffff  __TI_prof_data_size           
ffffffff  __TI_prof_data_start          
ffffffff  __binit__                     
ffffffff  __c_args__                    
ffffffff  binit                         
UNDEFED   __mpu_init                    
UNDEFED   _system_post_cinit            

[184 symbols]
